// Jest Snapshot v1, https://goo.gl/fbAQLP

exports[`-- MovieList -- VIEW renders correctly 1`] = `
<div
  className={undefined}
>
  <div
    className={undefined}
  >
    <div
      className={undefined}
    >
      <div
        className={undefined}
      >
        <div
          className={undefined}
        >
          <img
            alt="like"
            className={undefined}
            onClick={[Function]}
            src="https://goo.gl/NSjZGo"
          />
        </div>
        <div
          className={undefined}
        >
          <img
            alt="dislike"
            className={undefined}
            onClick={[Function]}
            src="https://goo.gl/D22jMu"
          />
        </div>
        <span>
          Likes
        </span>
        <div
          className={undefined}
        >
          22
        </div>
      </div>
      <div
        className={undefined}
      >
        <a
          href="movies/1"
          onClick={[Function]}
        >
          <div
            className={undefined}
          >
            The Shawshank Redemptoin
          </div>
        </a>
        <img
          alt="poster"
          className={undefined}
          src="https://images-na.ssl-images-amazon.com/images/M/MV5BODU4MjU4NjIwNl5BMl5BanBnXkFtZTgwMDU2MjEyMDE@._V1_SY500_CR0,0,336,500_AL_.jpg"
        />
      </div>
      <div
        className={undefined}
      >
        <label
          className={undefined}
          onClick={[Function]}
        >
          ★
        </label>
        <label
          className={undefined}
          onClick={[Function]}
        >
          ★
        </label>
        <label
          className={undefined}
          onClick={[Function]}
        >
          ★
        </label>
        <label
          className={undefined}
          onClick={[Function]}
        >
          ★
        </label>
        <label
          className={undefined}
          onClick={[Function]}
        >
          ★
        </label>
      </div>
    </div>
    <div
      className={undefined}
    >
      <div
        className={undefined}
      >
        <div
          className={undefined}
        >
          <img
            alt="like"
            className={undefined}
            onClick={[Function]}
            src="https://goo.gl/NSjZGo"
          />
        </div>
        <div
          className={undefined}
        >
          <img
            alt="dislike"
            className={undefined}
            onClick={[Function]}
            src="https://goo.gl/D22jMu"
          />
        </div>
        <span>
          Likes
        </span>
        <div
          className={undefined}
        >
          15
        </div>
      </div>
      <div
        className={undefined}
      >
        <a
          href="movies/4"
          onClick={[Function]}
        >
          <div
            className={undefined}
          >
            The Dark Knight
          </div>
        </a>
        <img
          alt="poster"
          className={undefined}
          src="https://images-na.ssl-images-amazon.com/images/M/MV5BMTMxNTMwODM0NF5BMl5BanBnXkFtZTcwODAyMTk2Mw@@._V1_SY500_CR0,0,337,500_AL_.jpg"
        />
      </div>
      <div
        className={undefined}
      >
        <label
          className={undefined}
          onClick={[Function]}
        >
          ★
        </label>
        <label
          className={undefined}
          onClick={[Function]}
        >
          ★
        </label>
        <label
          className={undefined}
          onClick={[Function]}
        >
          ★
        </label>
        <label
          className={undefined}
          onClick={[Function]}
        >
          ★
        </label>
        <label
          className={undefined}
          onClick={[Function]}
        >
          ★
        </label>
      </div>
    </div>
  </div>
</div>
`;
